Initialized empty Git repository in gitrepo1/.git/

Initialized empty Git repository in gitsubrepo/.git/

Initialized empty Git repository in ...

Initialized empty Git repository in ...

[master e42b08b] add subrepo
 2 files changed, 4 insertions(+), 0 deletions(-)
 create mode 100644 .gitmodules
 create mode 160000 subrepo
rm 'subrepo'
rm '.gitmodules'
[master 7e4c934] rm subrepo
 2 files changed, 0 insertions(+), 4 deletions(-)
 delete mode 100644 .gitmodules
 delete mode 160000 subrepo
importing git objects into hg
1 files updated, 0 files merged, 0 files removed, 0 files unresolved
@  changeset:   2:954cdf1c8c82
|  tag:         default/master
|  tag:         tip
|  user:        test <test@example.org>
|  date:        Mon Jan 01 00:00:11 2007 +0000
|  summary:     rm subrepo
|
o  changeset:   1:145121c71064
|  user:        test <test@example.org>
|  date:        Mon Jan 01 00:00:11 2007 +0000
|  summary:     add subrepo
|
o  changeset:   0:3442585be8a6
   user:        test <test@example.org>
   date:        Mon Jan 01 00:00:10 2007 +0000
   summary:     add alpha

% we should have some bookmarks
 * master                    2:954cdf1c8c82
