Initialized empty Git repository in gitrepo/.git/

Initialized empty Git repository in gitrepo2/

importing git objects into hg
0 files updated, 0 files merged, 0 files removed, 0 files unresolved
files: 
clearing out the git cache data
pushing to git://localhost/gitrepo2
exporting hg objects to git
creating and sending data
commit 678256865a8c85ae925bf834369264193c88f8de
Author: test <test@example.org>
Date:   Mon Jan 1 00:00:00 2007 +0000

    empty
