% should sort to ['a', 'b', 'd', 'h', 'c', 'g', 'e', 'f']
['a', 'b', 'd', 'h', 'c', 'g', 'e', 'f']
