Initialized empty Git repository in gitrepo/.git/

Switched to a new branch 'not-master'
importing git objects into hg
1 files updated, 0 files merged, 0 files removed, 0 files unresolved
0 files updated, 0 files merged, 0 files removed, 0 files unresolved
pushing to git://localhost/gitrepo
exporting hg objects to git
creating and sending data
    default::refs/heads/not-master => GIT:7eeab2ea
    default::refs/heads/master => GIT:05c2bcbe
marked working directory as branch gamma
pushing to git://localhost/gitrepo
exporting hg objects to git
creating and sending data
    default::refs/heads/not-master => GIT:7eeab2ea
    default::refs/heads/master => GIT:296802ef
@  changeset:   2:05aed681ccb3
|  branch:      gamma
|  tag:         default/master
|  tag:         tip
|  user:        test
|  date:        Mon Jan 01 00:00:12 2007 +0000
|  summary:     started branch gamma
|
o  changeset:   1:a31e374801c9
|  user:        test
|  date:        Mon Jan 01 00:00:11 2007 +0000
|  summary:     rename alpha to beta
|
o  changeset:   0:3442585be8a6
   tag:         default/not-master
   user:        test <test@example.org>
   date:        Mon Jan 01 00:00:10 2007 +0000
   summary:     add alpha

importing git objects into hg
1 files updated, 0 files merged, 0 files removed, 0 files unresolved
o  changeset:   2:05aed681ccb3
|  branch:      gamma
|  tag:         default/master
|  tag:         tip
|  user:        test
|  date:        Mon Jan 01 00:00:12 2007 +0000
|  summary:     started branch gamma
|
@  changeset:   1:a31e374801c9
|  user:        test
|  date:        Mon Jan 01 00:00:11 2007 +0000
|  summary:     rename alpha to beta
|
o  changeset:   0:3442585be8a6
   tag:         default/not-master
   user:        test <test@example.org>
   date:        Mon Jan 01 00:00:10 2007 +0000
   summary:     add alpha

