Initialized empty Git repository in gitrepo/.git/

importing Hg objects into Git
Counting objects: 6, done.
Compressing objects:  33% (1/3)   Compressing objects:  66% (2/3)   Compressing objects: 100% (3/3)   Compressing objects: 100% (3/3), done.
Total 6 (delta 0), reused 0 (delta 0)
importing Git objects into Hg
at: 0/2
updating working directory
2 files updated, 0 files merged, 0 files removed, 0 files unresolved
@  changeset:   1:7bcd915dc873
|  tag:         master
|  tag:         default/master
|  tag:         tip
|  user:        test <test@example.org>
|  date:        Mon Jan 01 00:00:11 2007 +0000
|  summary:     add beta
|
o  changeset:   0:3442585be8a6
   user:        test <test@example.org>
   date:        Mon Jan 01 00:00:10 2007 +0000
   summary:     add alpha

% we should have some bookmarks
 * master                    1:7bcd915dc873
