Initialized empty Git repository in gitrepo/.git/

Switched to a new branch "beta"
% clone a tag
importing git objects into hg
1 files updated, 0 files merged, 0 files removed, 0 files unresolved
@  changeset:   0:3442585be8a6
   tag:         alpha
   tag:         default/master
   tag:         tip
   user:        test <test@example.org>
   date:        Mon Jan 01 00:00:10 2007 +0000
   summary:     add alpha

% clone a branch
importing git objects into hg
2 files updated, 0 files merged, 0 files removed, 0 files unresolved
@  changeset:   1:7bcd915dc873
|  tag:         default/beta
|  tag:         tip
|  user:        test <test@example.org>
|  date:        Mon Jan 01 00:00:11 2007 +0000
|  summary:     add beta
|
o  changeset:   0:3442585be8a6
   tag:         alpha
   tag:         default/master
   user:        test <test@example.org>
   date:        Mon Jan 01 00:00:10 2007 +0000
   summary:     add alpha

0 files updated, 0 files merged, 1 files removed, 0 files unresolved
pulling from git://localhost/gitrepo
importing git objects into hg
abort: you appear to have run strip - please run hg git-cleanup
git commit map cleaned
% pull works after 'hg git-cleanup'
pulling from git://localhost/gitrepo
importing git objects into hg
(run 'hg update' to get a working copy)
o  changeset:   2:611948b1ec6a
|  tag:         default/beta
|  tag:         tip
|  user:        test <test@example.org>
|  date:        Mon Jan 01 00:00:12 2007 +0000
|  summary:     add to beta
|
o  changeset:   1:7bcd915dc873
|  user:        test <test@example.org>
|  date:        Mon Jan 01 00:00:11 2007 +0000
|  summary:     add beta
|
@  changeset:   0:3442585be8a6
   tag:         alpha
   tag:         default/master
   user:        test <test@example.org>
   date:        Mon Jan 01 00:00:10 2007 +0000
   summary:     add alpha

