Initialized empty Git repository in gitrepo/.git/

Switched to a new branch 'not-master'
importing git objects into hg
1 files updated, 0 files merged, 0 files removed, 0 files unresolved
0 files updated, 0 files merged, 0 files removed, 0 files unresolved
pushing to git://localhost/gitrepo
exporting hg objects to git
creating and sending data
    default::refs/heads/not-master => GIT:7eeab2ea
    default::refs/heads/master => GIT:cffa0e8d
pushing to git://localhost/gitrepo
exporting hg objects to git
creating and sending data
    default::refs/heads/not-master => GIT:7eeab2ea
    default::refs/heads/master => GIT:2b9ec6a4
@  changeset:   2:92d33c0dd6e1
|  tag:         default/master
|  tag:         tip
|  user:        test <test@example.com> (comment)
|  date:        Mon Jan 01 00:00:12 2007 +0000
|  summary:     modify beta
|
o  changeset:   1:0564f526fb0f
|  user:        test
|  date:        Mon Jan 01 00:00:11 2007 +0000
|  summary:     add beta
|
o  changeset:   0:3442585be8a6
   tag:         default/not-master
   user:        test <test@example.org>
   date:        Mon Jan 01 00:00:10 2007 +0000
   summary:     add alpha

importing git objects into hg
2 files updated, 0 files merged, 0 files removed, 0 files unresolved
@  changeset:   2:92d33c0dd6e1
|  tag:         default/master
|  tag:         tip
|  user:        test <test@example.com> (comment)
|  date:        Mon Jan 01 00:00:12 2007 +0000
|  summary:     modify beta
|
o  changeset:   1:0564f526fb0f
|  user:        test
|  date:        Mon Jan 01 00:00:11 2007 +0000
|  summary:     add beta
|
o  changeset:   0:3442585be8a6
   tag:         default/not-master
   user:        test <test@example.org>
   date:        Mon Jan 01 00:00:10 2007 +0000
   summary:     add alpha

