Initialized empty Git repository in gitrepo/.git/

creating bookmarks failed, do you have bookmarks enabled?
importing git objects into hg
2 files updated, 0 files merged, 0 files removed, 0 files unresolved
@  changeset:   1:7bcd915dc873
|  tag:         default/master
|  tag:         tip
|  user:        test <test@example.org>
|  date:        Mon Jan 01 00:00:11 2007 +0000
|  summary:     add beta
|
o  changeset:   0:3442585be8a6
   user:        test <test@example.org>
   date:        Mon Jan 01 00:00:10 2007 +0000
   summary:     add alpha

