@  changeset:   0:0221c246a56712c6aa64e5ee382244d8a471b1e2
   tag:         tip
   parent:      -1:0000000000000000000000000000000000000000
   parent:      -1:0000000000000000000000000000000000000000
   manifest:    0:8b8a0e87dfd7a0706c0524afa8ba67e20544cbf0
   user:        test
   date:        Mon Jan 01 00:00:10 2007 +0000
   files+:      alpha
   extra:       branch=default
   description:
   add alpha


% configure for use from git
updating to branch default
1 files updated, 0 files merged, 0 files removed, 0 files unresolved
0 files updated, 0 files merged, 1 files removed, 0 files unresolved
exporting hg objects to git
% do some work
Already on "master"
% get things back to hg
importing git objects into hg
o  changeset:   1:7108ae7bd184226a29b8203619a8253d314643bf
|  tag:         tip
|  parent:      0:0221c246a56712c6aa64e5ee382244d8a471b1e2
|  parent:      -1:0000000000000000000000000000000000000000
|  manifest:    1:f0bd6fbafbaebe4bb59c35108428f6fce152431d
|  user:        test <test@example.org>
|  date:        Mon Jan 01 00:00:11 2007 +0000
|  files+:      beta
|  extra:       branch=default
|  description:
|  add beta
|
|
o  changeset:   0:0221c246a56712c6aa64e5ee382244d8a471b1e2
   parent:      -1:0000000000000000000000000000000000000000
   parent:      -1:0000000000000000000000000000000000000000
   manifest:    0:8b8a0e87dfd7a0706c0524afa8ba67e20544cbf0
   user:        test
   date:        Mon Jan 01 00:00:10 2007 +0000
   files+:      alpha
   extra:       branch=default
   description:
   add alpha


   master                    1:7108ae7bd184
