 hggit push and pull from a Git server
 git Working with Git Repositories
For more information and instructions, see "hg help git"
Working with Git Repositories
