Initialized empty Git repository in gitrepo/.git/

Switched to a new branch "beta"
% clone a tag
importing git objects into hg
1 files updated, 0 files merged, 0 files removed, 0 files unresolved
@  changeset:   0:3442585be8a6
   tag:         alpha
   tag:         default/master
   tag:         tip
   user:        test <test@example.org>
   date:        Mon Jan 01 00:00:10 2007 +0000
   summary:     add alpha

% clone a branch
importing git objects into hg
2 files updated, 0 files merged, 0 files removed, 0 files unresolved
@  changeset:   1:7bcd915dc873
|  tag:         default/beta
|  tag:         tip
|  user:        test <test@example.org>
|  date:        Mon Jan 01 00:00:11 2007 +0000
|  summary:     add beta
|
o  changeset:   0:3442585be8a6
   tag:         alpha
   tag:         default/master
   user:        test <test@example.org>
   date:        Mon Jan 01 00:00:10 2007 +0000
   summary:     add alpha

