Initialized empty Git repository in gitrepo/.git/

importing git objects into hg
2 files updated, 0 files merged, 0 files removed, 0 files unresolved
2 a9da0c7c9bb7574b0f3139ab65cabac7468d6b8d a9da0c7c9bb7  
1 7bcd915dc873c654b822f01b0a39269b2739e86d 7bcd915dc873 9497a4ee62e16ee641860d7677cdb2589ea15554 9497a4ee62e1
0 3442585be8a60c6cd476bbc4e45755339f2a23ef 3442585be8a6 7eeab2ea75ec1ac0ff3d500b5b6f8a3447dd7c03 7eeab2ea75ec
